#-----------------------------------------------------------
# PlanAhead v14.7 (64-bit)
# Build 321239 by xbuild on Fri Sep 27 19:29:51 MDT 2013
# Start of session at: Wed Apr 12 14:48:58 2023
# Process ID: 2080
# Log file: C:/BDIO/243511/uloha8-nove/planAhead_run_2/planAhead.log
# Journal file: C:/BDIO/243511/uloha8-nove/planAhead_run_2/planAhead.jou
#-----------------------------------------------------------
start_gui
source C:/BDIO/243511/uloha8-nove/pa.fromNetlist.tcl
startgroup
set_property package_pin E13 [get_ports {ANODES[3]}]
endgroup
startgroup
set_property package_pin F14 [get_ports {ANODES[2]}]
endgroup
startgroup
set_property package_pin G14 [get_ports {ANODES[1]}]
endgroup
startgroup
set_property package_pin D14 [get_ports {ANODES[0]}]
endgroup
startgroup
set_property package_pin N16 [get_ports {leds[6]}]
endgroup
startgroup
set_property package_pin F13 [get_ports {leds[5]}]
endgroup
startgroup
set_property package_pin R16 [get_ports {leds[4]}]
endgroup
startgroup
set_property package_pin E15 [get_ports {leds[3]}]
endgroup
startgroup
set_property package_pin N15 [get_ports {leds[2]}]
endgroup
startgroup
set_property package_pin G13 [get_ports {leds[1]}]
endgroup
startgroup
set_property package_pin E14 [get_ports {leds[0]}]
endgroup
set_property package_pin "" [get_ports [list  clk]]
startgroup
set_property package_pin T9 [get_ports clk]
endgroup
save_constraints
